Following is the process to create a new file, add it commit it and push it to the Git hub , also the following demonstrates the output of "git status" command after running every command.

PS C:\Users\dpakm\gitonvscode\gitPractice-1> git status

On branch main
Your branch is up to date with 'origin/main'.

nothing to commit, working tree clean

PS C:\Users\dpakm\gitonvscode\gitPractice-1> # Create a new file app.py
PS C:\Users\dpakm\gitonvscode\gitPractice-1> git status

On branch main
Your branch is up to date with 'origin/main'.

Untracked files:
  (use "git add <file>..." to include in what will be committed)
        app.py    # "app.py" or this line is in Red Colour

nothing added to commit but untracked files present (use "git add" to track)

PS C:\Users\dpakm\gitonvscode\gitPractice-1> git add .\app.py
PS C:\Users\dpakm\gitonvscode\gitPractice-1> git status  

On branch main
Your branch is up to date with 'origin/main'.

Changes to be committed:
  (use "git restore --staged <file>..." to unstage)
        new file:   app.py   # "new file:   app.py" or this line is in Green Colour

PS C:\Users\dpakm\gitonvscode\gitPractice-1> git commit -m "this is the first commit Date & Time 17.3 , 7:30 pm"

[main 3c8fdc8] this is the first commit Date & Time 17.3 , 7:30 pm
 1 file changed, 2 insertions(+)
 create mode 100644 app.py

PS C:\Users\dpakm\gitonvscode\gitPractice-1> git status

On branch main
Your branch is ahead of 'origin/main' by 1 commit.
  (use "git push" to publish your local commits)

nothing to commit, working tree clean

PS C:\Users\dpakm\gitonvscode\gitPractice-1> git push

Enumerating objects: 4, done.
Counting objects: 100% (4/4), done.
Delta compression using up to 8 threads
Compressing objects: 100% (2/2), done.
Writing objects: 100% (3/3), 350 bytes | 116.00 KiB/s, done.
Total 3 (delta 0), reused 0 (delta 0), pack-reused 0 (from 0)
To github.com:dpakGit/gitPractice.git
   86b540b..3c8fdc8  main -> main

PS C:\Users\dpakm\gitonvscode\gitPractice-1> git status

On branch main
Your branch is up to date with 'origin/main'.

nothing to commit, working tree clean

PS C:\Users\dpakm\gitonvscode\gitPractice-1> 

PS C:\Users\dpakm\gitonvscode\gitPractice-1> git log

commit 3c8fdc879bb75f3a60a0cb104f27843bf3454a8f (HEAD -> main, origin/main, origin/HEAD)
Author: DEEPAK RANJAN MISHRA <dpakmishra.1983@gmail.com>
Date:   Mon Mar 17 19:30:51 2025 +0530

    this is the first commit Date & Time 17.3 , 7:30 pm

